// Jest Snapshot v1, https://goo.gl/fbAQLP

exports[`formatType number 1`] = `
<span
  dangerouslySetInnerHTML={
    Object {
      "__html": "<a href=\\"https://developer.mozilla.org/docs/Web/JavaScript/Reference/Global_Objects/Number\\">number</a>",
    }
  }
/>
`;
